charlie@charlie:/office/development/www/html$ cd ..
charlie@charlie:/office/development/www$ git clone git@github.com:sardarsingh/1st-project.git
Cloning into '1st-project'...
remote: Enumerating objects: 3, done.
remote: Counting objects: 100% (3/3), done.
remote: Total 3 (delta 0), reused 0 (delta 0), pack-reused 0
Receiving objects: 100% (3/3), done.
charlie@charlie:/office/development/www$ cd html
charlie@charlie:/office/development/www/html$ git status
On branch master
Your branch is up to date with 'origin/master'.

Changes not staged for commit:
  (use "git add/rm <file>..." to update what will be committed)
  (use "git checkout -- <file>..." to discard changes in working directory)

	deleted:    README.md

Untracked files:
  (use "git add <file>..." to include in what will be committed)

	javascript.html
	manish.html

no changes added to commit (use "git add" and/or "git commit -a")
charlie@charlie:/office/development/www/html$ git branch
* master
charlie@charlie:/office/development/www/html$ git add --all
charlie@charlie:/office/development/www/html$ git commit -m "add 2 files"
[master df425b1] add 2 files
 3 files changed, 40 insertions(+), 1 deletion(-)
 delete mode 100644 README.md
 create mode 100644 javascript.html
 create mode 100644 manish.html
charlie@charlie:/office/development/www/html$ git remote -v
origin	git@github.com:sardarsingh/1st-project.git (fetch)
origin	git@github.com:sardarsingh/1st-project.git (push)
charlie@charlie:/office/development/www/html$ git push origin master
Counting objects: 4, done.
Delta compression using up to 4 threads.
Compressing objects: 100% (4/4), done.
Writing objects: 100% (4/4), 755 bytes | 755.00 KiB/s, done.
Total 4 (delta 0), reused 0 (delta 0)
To github.com:sardarsingh/1st-project.git
   4828319..df425b1  master -> master
charlie@charlie:/office/development/www/html$ git checkout -b 1.0.0-alpha
Switched to a new branch '1.0.0-alpha'
charlie@charlie:/office/development/www/html$ git push origin 1.0.0-alpha
Total 0 (delta 0), reused 0 (delta 0)
remote: 
remote: Create a pull request for '1.0.0-alpha' on GitHub by visiting:
remote:      https://github.com/sardarsingh/1st-project/pull/new/1.0.0-alpha
remote: 
To github.com:sardarsingh/1st-project.git
 * [new branch]      1.0.0-alpha -> 1.0.0-alpha


